
============================================================
  LEOP
============================================================

  --- e6 embeddings ---

  --- LEOP e6 summary ---
    logreg: AUROC=0.6442 [0.4389, 0.8346] n=160
    histgb: AUROC=0.6056 [0.3941, 0.8092] n=160

  --- e7c embeddings ---

  --- LEOP e7c summary ---
    logreg: AUROC=0.6649 [0.4594, 0.8547] n=160
    histgb: AUROC=0.6276 [0.4208, 0.8301] n=160

============================================================
  PERG
============================================================

  --- e6 embeddings ---

  --- PERG e6 summary ---
    logreg: AUROC=0.7344 [0.5950, 0.8519] n=336
    histgb: AUROC=0.7122 [0.5754, 0.8300] n=336

  --- e7c embeddings ---

  --- PERG e7c summary ---
    logreg: AUROC=0.7024 [0.5575, 0.8226] n=336
    histgb: AUROC=0.6525 [0.5137, 0.7766] n=336

Results saved to artifacts/results/embedding_classifiers_v1/results.json
