
============================================================
  LEOP
============================================================
  fold 0   logreg: AUROC=0.6678 [0.4561, 0.8607] n=35
  fold 0   histgb: AUROC=0.5804 [0.3841, 0.7811] n=35
  fold 1   logreg: AUROC=0.7200 [0.5252, 0.8850] n=30
  fold 1   histgb: AUROC=0.7333 [0.5193, 0.8889] n=30
  fold 2   logreg: AUROC=0.5333 [0.3222, 0.7529] n=29
  fold 2   histgb: AUROC=0.5476 [0.3333, 0.7659] n=29
  fold 3   logreg: AUROC=0.6792 [0.4756, 0.8792] n=31
  fold 3   histgb: AUROC=0.5333 [0.3032, 0.7908] n=31
  fold 4   logreg: AUROC=0.6167 [0.4121, 0.7934] n=35
  fold 4   histgb: AUROC=0.6333 [0.4276, 0.8210] n=35

  --- LEOP summary ---
    logreg: AUROC=0.6442 [0.4389, 0.8346] n=160
    histgb: AUROC=0.6056 [0.3941, 0.8092] n=160

============================================================
  PERG
============================================================
  fold 0   logreg: AUROC=0.8131 [0.6907, 0.9029] n=62
  fold 0   histgb: AUROC=0.7952 [0.6753, 0.8947] n=62
  fold 1   logreg: AUROC=0.7756 [0.6310, 0.8970] n=69
  fold 1   histgb: AUROC=0.7041 [0.5503, 0.8331] n=69
  fold 2   logreg: AUROC=0.5762 [0.4421, 0.7172] n=71
  fold 2   histgb: AUROC=0.5829 [0.4416, 0.7164] n=71
  fold 3   logreg: AUROC=0.8133 [0.6665, 0.9276] n=69
  fold 3   histgb: AUROC=0.7495 [0.6054, 0.8579] n=69
  fold 4   logreg: AUROC=0.7045 [0.5569, 0.8222] n=65
  fold 4   histgb: AUROC=0.7435 [0.6208, 0.8597] n=65

  --- PERG summary ---
    logreg: AUROC=0.7344 [0.5950, 0.8519] n=336
    histgb: AUROC=0.7122 [0.5754, 0.8300] n=336

Results saved to artifacts/results/embedding_classifiers_v1/results.json
