
============================================================
  Multi-task seed 1001
============================================================
  fold 0 seed 1001: LEOP=0.6818 [0.4433, 0.8846] PERG=0.8202 [0.6969, 0.9179] best_epoch=41
  fold 1 seed 1001: LEOP=0.8000 [0.6199, 0.9467] PERG=0.7650 [0.6422, 0.8704] best_epoch=30
  fold 2 seed 1001: LEOP=0.8048 [0.6250, 0.9477] PERG=0.6048 [0.4696, 0.7382] best_epoch=104
  fold 3 seed 1001: LEOP=0.7375 [0.5427, 0.9076] PERG=0.7756 [0.6473, 0.8877] best_epoch=3
  fold 4 seed 1001: LEOP=0.7267 [0.5395, 0.8849] PERG=0.7846 [0.6600, 0.8922] best_epoch=9

  --- fold 4 ensemble ---

============================================================
  Multi-task seed 2002
============================================================
  fold 0 seed 2002: LEOP=0.6923 [0.4864, 0.8684] PERG=0.8060 [0.6820, 0.9105] best_epoch=1
  fold 1 seed 2002: LEOP=0.8089 [0.6343, 0.9509] PERG=0.7669 [0.6367, 0.8755] best_epoch=55
  fold 2 seed 2002: LEOP=0.7143 [0.5051, 0.9020] PERG=0.6267 [0.4969, 0.7579] best_epoch=3
  fold 3 seed 2002: LEOP=0.7458 [0.5427, 0.9035] PERG=0.7466 [0.5936, 0.8774] best_epoch=14
  fold 4 seed 2002: LEOP=0.6800 [0.4965, 0.8399] PERG=0.7662 [0.6323, 0.8858] best_epoch=7

  --- fold 4 ensemble ---

============================================================
  Multi-task seed 3003
============================================================
  fold 0 seed 3003: LEOP=0.6748 [0.4335, 0.8846] PERG=0.8405 [0.7250, 0.9361] best_epoch=54
  fold 1 seed 3003: LEOP=0.8222 [0.6384, 0.9819] PERG=0.7650 [0.6418, 0.8731] best_epoch=34
  fold 2 seed 3003: LEOP=0.6810 [0.4611, 0.8790] PERG=0.6371 [0.5044, 0.7703] best_epoch=24
  fold 3 seed 3003: LEOP=0.7375 [0.5385, 0.9095] PERG=0.8298 [0.7037, 0.9304] best_epoch=37
  fold 4 seed 3003: LEOP=0.7800 [0.6111, 0.9242] PERG=0.7565 [0.6133, 0.8782] best_epoch=7

  --- fold 4 ensemble ---

============================================================
  FINAL ENSEMBLE (all folds, all seeds)
============================================================
  LEOP: AUROC=0.7120 [0.6298, 0.7934] n=160
  PERG: AUROC=0.7578 [0.7056, 0.8082] n=336

Results saved to artifacts/results/multitask_v1
