[watchdog] 20:57:14 launching scripts/rerun_missing_probes.sh
[driver] ===== probes leop fold 0 =====
/home/nada/Downloads/new_paper/.venv/lib/python3.12/site-packages/sklearn/linear_model/_ridge.py:227: LinAlgWarning: An ill-conditioned matrix detected: slice 0 has rcond = 2.1968871166677673e-10.
  return linalg.solve(A, Xy, assume_a="pos", overwrite_a=True).T
/home/nada/Downloads/new_paper/.venv/lib/python3.12/site-packages/sklearn/linear_model/_ridge.py:227: LinAlgWarning: An ill-conditioned matrix detected: slice 0 has rcond = 2.1968871166677673e-10.
  return linalg.solve(A, Xy, assume_a="pos", overwrite_a=True).T
/home/nada/Downloads/new_paper/.venv/lib/python3.12/site-packages/sklearn/linear_model/_ridge.py:227: LinAlgWarning: An ill-conditioned matrix detected: slice 0 has rcond = 2.1968871166677673e-10.
  return linalg.solve(A, Xy, assume_a="pos", overwrite_a=True).T
/home/nada/Downloads/new_paper/.venv/lib/python3.12/site-packages/sklearn/linear_model/_ridge.py:227: LinAlgWarning: An ill-conditioned matrix detected: slice 0 has rcond = 2.1968871166677673e-10.
  return linalg.solve(A, Xy, assume_a="pos", overwrite_a=True).T
/home/nada/Downloads/new_paper/.venv/lib/python3.12/site-packages/sklearn/linear_model/_ridge.py:227: LinAlgWarning: An ill-conditioned matrix detected: slice 0 has rcond = 6.87716052993892e-08.
  return linalg.solve(A, Xy, assume_a="pos", overwrite_a=True).T
/home/nada/Downloads/new_paper/.venv/lib/python3.12/site-packages/sklearn/linear_model/_ridge.py:227: LinAlgWarning: An ill-conditioned matrix detected: slice 0 has rcond = 6.87716052993892e-08.
  return linalg.solve(A, Xy, assume_a="pos", overwrite_a=True).T
all  fused   component_identity macro_ovr_auroc=0.999 [0.999, 0.999] (n=4926)
all  fused   dataset_identity   roc_auc=0.998 [0.997, 0.998] (n=4926)
all  fused   flash_intensity    pearson_r=0.551 [0.519, 0.586] (n=4406)
all  fused   peak_to_peak       pearson_r=0.991 [0.990, 0.992] (n=4926)
all  fused   duration           pearson_r=0.996 [0.996, 0.996] (n=4926)
LEOP fused   component_identity macro_ovr_auroc=1.000 [1.000, 1.000] (n=4406)
LEOP fused   flash_intensity    pearson_r=0.551 [0.519, 0.586] (n=4406)
LEOP fused   peak_to_peak       pearson_r=0.991 [0.991, 0.992] (n=4406)
LEOP fused   duration           pearson_r=0.997 [0.997, 0.997] (n=4406)
PERG fused   component_identity roc_auc=0.985 [0.979, 0.990] (n=520)
PERG fused   peak_to_peak       pearson_r=0.986 [0.983, 0.988] (n=520)
PERG fused   duration           pearson_r=0.994 [0.994, 0.995] (n=520)
report: artifacts/results/separate_raw_ot_hierarchical_v1/probes/leop/probe_battery_fold0.parquet
[driver] ===== probes perg fold 1 =====
/home/nada/Downloads/new_paper/.venv/lib/python3.12/site-packages/sklearn/linear_model/_ridge.py:227: LinAlgWarning: An ill-conditioned matrix detected: slice 0 has rcond = 6.767460547507653e-08.
  return linalg.solve(A, Xy, assume_a="pos", overwrite_a=True).T
/home/nada/Downloads/new_paper/.venv/lib/python3.12/site-packages/sklearn/linear_model/_ridge.py:227: LinAlgWarning: An ill-conditioned matrix detected: slice 0 has rcond = 6.767460547507653e-08.
  return linalg.solve(A, Xy, assume_a="pos", overwrite_a=True).T
all  fused   component_identity macro_ovr_auroc=0.999 [0.998, 0.999] (n=4613)
all  fused   dataset_identity   roc_auc=0.993 [0.990, 0.995] (n=4613)
all  fused   flash_intensity    pearson_r=0.556 [0.524, 0.587] (n=4061)
all  fused   peak_to_peak       pearson_r=0.992 [0.991, 0.993] (n=4613)
all  fused   duration           pearson_r=0.995 [0.994, 0.995] (n=4613)
LEOP fused   component_identity macro_ovr_auroc=1.000 [1.000, 1.000] (n=4061)
LEOP fused   flash_intensity    pearson_r=0.556 [0.524, 0.587] (n=4061)
LEOP fused   peak_to_peak       pearson_r=0.992 [0.992, 0.993] (n=4061)
LEOP fused   duration           pearson_r=0.996 [0.996, 0.996] (n=4061)
PERG fused   component_identity roc_auc=0.989 [0.984, 0.995] (n=552)
PERG fused   peak_to_peak       pearson_r=0.988 [0.986, 0.990] (n=552)
PERG fused   duration           pearson_r=0.992 [0.991, 0.993] (n=552)
report: artifacts/results/separate_raw_ot_hierarchical_v1/probes/perg/probe_battery_fold1.parquet
[driver] ===== probes perg fold 2 =====
/home/nada/Downloads/new_paper/.venv/lib/python3.12/site-packages/sklearn/linear_model/_ridge.py:227: LinAlgWarning: An ill-conditioned matrix detected: slice 0 has rcond = 7.963029702295898e-08.
  return linalg.solve(A, Xy, assume_a="pos", overwrite_a=True).T
/home/nada/Downloads/new_paper/.venv/lib/python3.12/site-packages/sklearn/linear_model/_ridge.py:227: LinAlgWarning: An ill-conditioned matrix detected: slice 0 has rcond = 7.963029702295898e-08.
  return linalg.solve(A, Xy, assume_a="pos", overwrite_a=True).T
all  fused   component_identity macro_ovr_auroc=0.997 [0.995, 0.998] (n=4363)
all  fused   dataset_identity   roc_auc=0.982 [0.973, 0.992] (n=4363)
all  fused   flash_intensity    pearson_r=0.566 [0.537, 0.591] (n=3803)
all  fused   peak_to_peak       pearson_r=0.991 [0.990, 0.992] (n=4363)
all  fused   duration           pearson_r=0.994 [0.994, 0.995] (n=4363)
LEOP fused   component_identity macro_ovr_auroc=1.000 [0.999, 1.000] (n=3803)
LEOP fused   flash_intensity    pearson_r=0.566 [0.537, 0.591] (n=3803)
LEOP fused   peak_to_peak       pearson_r=0.993 [0.992, 0.993] (n=3803)
LEOP fused   duration           pearson_r=0.996 [0.995, 0.996] (n=3803)
PERG fused   component_identity roc_auc=0.982 [0.974, 0.992] (n=560)
PERG fused   peak_to_peak       pearson_r=0.979 [0.976, 0.987] (n=560)
PERG fused   duration           pearson_r=0.987 [0.982, 0.993] (n=560)
report: artifacts/results/separate_raw_ot_hierarchical_v1/probes/perg/probe_battery_fold2.parquet
[driver] done, aggregate exit status: 0
[watchdog] 21:12:05 scripts/rerun_missing_probes.sh exited with 0, restarting in 30s
[watchdog] driver finished all stages
